<html>
<body>
<pre>
<h1>µVision Build Log</h1>
<h2>Project:</h2>
C:\Nordic Semiconductor\Misc\Training\51822\nrf51822v6_0\Board\nrf6310\device_firmware_updates\bootloader - Debug - Copy\arm\bootloader.uvproj
Project File Date:  09/30/2014

<h2>Output:</h2>
Build target 'dfu_single_bank_ble (s110)'
compiling dfu_single_bank.c...
linking...
Program Size: Code=19088 RO-data=256 RW-data=244 ZI-data=5968  
FromELF: creating hex file...
".\_build\bootloader.axf" - 0 Error(s), 0 Warning(s).
"nrfjprog.exe" --reset --program "C:\Nordic Semiconductor\Misc\Training\51822\nrf51822v6_0\Board\nrf6310\device_firmware_updates\bootloader - Debug - Copy\arm\_build\bootloader.HEX" 
Parsing hex file(s).
Checking that there is no data to be written in region 0.
Checking that there are no UICR conflicts.
Checking that the area to download is erased, and erasing if necessary.
Erasing pages 232 to 251.
Programming.
Applying system reset.
</pre>
</body>
</html>
(s), 0 Warning(s).
